Mono path[0] = 'C:/Users/mattj/OneDrive/Documents/AI Dev/Infinite Conquest/playtest/unity-build-coin-prototype-2026-10-10/InfiniteConquestPlaytest_Data/Managed'
Mono config path = 'C:/Users/mattj/OneDrive/Documents/AI Dev/Infinite Conquest/playtest/unity-build-coin-prototype-2026-10-10/MonoBleedingEdge/etc'
CodeReloadManager initialized
Input System module state changed to: Initialized.
[Physics::Module] Initialized fallback backend.
[Physics::Module] Id: 0xdecafbad
Initialize engine version: 6000.6.3f1 (45d8eee7de74)
[EntityIdStore] init: VM path (explicit commit), pageSize=4096, blockCount=1048576, entitiesPerBlock=256, slots reserved=4294967296 bytes
[Subsystems] Discovering subsystems at path C:/Users/mattj/OneDrive/Documents/AI Dev/Infinite Conquest/playtest/unity-build-coin-prototype-2026-10-10/InfiniteConquestPlaytest_Data/UnitySubsystems
GfxDevice: creating device client; kGfxThreadingModeClientWorkerJobs
Direct3D:
    Version:  Direct3D 11.0 [level 11.1]
    Renderer: NVIDIA GeForce RTX 3060 Laptop GPU (ID=0x2520)
    Vendor:   NVIDIA
    VRAM:     5996 MB
    Driver:   32.0.15.8142
Begin MonoManager ReloadAssembly
- Finished resetting the current domain, in  0.016 seconds
[Physics::Module] Selected backend (deferred post-plugins).
[Physics::Module] Name: PhysX
[Physics::Module] Id: 0xf2b8ea05
[Physics::Module] SDK Version: 4.1.2
[Physics::Module] Integration Version: 1.0.0
[Physics::Module] Threading Mode: Multi-Threaded
<RI> Initializing input.
Using Windows.Gaming.Input
UnloadTime: 3.153400 ms
Shader 'Hidden/Universal Render Pipeline/GaussianDepthOfField' is not supported or has been stripped from the build (in 'DepthOfFieldGaussianPostProcessPass'). PostProcessing render passes will not execute.
Shader 'Hidden/Universal Render Pipeline/GaussianDepthOfField' is not supported or has been stripped from the build (in 'DepthOfFieldGaussianPostProcessPass'). PostProcessing render passes will not execute.
Shader 'Hidden/Universal Render Pipeline/BokehDepthOfField' is not supported or has been stripped from the build (in 'DepthOfFieldBokehPostProcessPass'). PostProcessing render passes will not execute.
Shader 'Hidden/Universal Render Pipeline/PaniniProjection' is not supported or has been stripped from the build (in 'PaniniProjectionPostProcessPass'). PostProcessing render passes will not execute.
GPU Resident Drawer created.
COIN_PRESENT winner=1 faceUp=1 start=1 skin=Default crossings=10 axisTilt=0.088
GAMEPLAY_LIVE_SMOKE PASS
GPU Resident Drawer disposed.
[Physics::Module] Cleanup current backend.
[Physics::Module] Id: 0xf2b8ea05
Input System module state changed to: ShutdownInProgress.
Input Polling Thread exited.
Input System module state changed to: Shutdown.
CodeReloadManager destroyed
